
> kido-farms-ecommerce@0.1.0 build
> next build

node.exe : ΓÜá Warning: 
Next.js inferred your 
workspace root, but it may 
not be correct.
At C:\Program 
Files\nodejs\npm.ps1:29 
char:3
+   & $NODE_EXE $NPM_CLI_JS 
$args
+   
~~~~~~~~~~~~~~~~~~~~~~~~~~~~~
    + CategoryInfo           
   : NotSpecified: (ΓÜá War  
  ning: Ne...not be correc   
 t.:String) [], RemoteExc    
eption
    + FullyQualifiedErrorId  
   : NativeCommandError
 
 We detected multiple 
lockfiles and selected the 
directory of 
C:\Users\COMPUTER 13\.gemini\
antigravity\scratch\kido-farm
s-ecommerce\package-lock.json
 as the root directory.
 To silence this warning, 
set `turbopack.root` in your 
Next.js config, or consider 
removing one of the 
lockfiles if it's not needed.
   See https://nextjs.org/doc
s/app/api-reference/config/ne
xt-config-js/turbopack#root-d
irectory for more 
information.
 Detected additional 
lockfiles: 
   * C:\Users\COMPUTER 13\.ge
mini\antigravity\scratch\kido
-farms-ecommerce\frontend\pac
kage-lock.json

Γû▓ Next.js 16.1.6 (Turbopack)
- Environments: .env

  Creating an optimized production build ...
Γ£ô Compiled successfully in 41s
  Running TypeScript ...
  Collecting page data using 3 workers ...
ΓÜá Using edge runtime on a 
page currently disables 
static generation for that 
page
  Generating static pages using 3 workers (0/106) ...
ΓÜá metadataBase property in 
metadata export is not set 
for resolving social open 
graph or twitter images, 
using 
"http://localhost:3000". See 
https://nextjs.org/docs/app/a
pi-reference/functions/genera
te-metadata#metadatabase
ΓÜá metadataBase property in 
metadata export is not set 
for resolving social open 
graph or twitter images, 
using 
"http://localhost:3000". See 
https://nextjs.org/docs/app/a
pi-reference/functions/genera
te-metadata#metadatabase
ΓÜá metadataBase property in 
metadata export is not set 
for resolving social open 
graph or twitter images, 
using 
"http://localhost:3000". See 
https://nextjs.org/docs/app/a
pi-reference/functions/genera
te-metadata#metadatabase
  Generating static pages using 3 workers (26/106) 
  Generating static pages using 3 workers (52/106) 
  Generating static pages using 3 workers (79/106) 
Γ¿» useSearchParams() should 
be wrapped in a suspense 
boundary at page 
"/verify-account". Read 
more: https://nextjs.org/docs
/messages/missing-suspense-wi
th-csr-bailout
    at Q (C:\Users\COMPUTER 1
3\.gemini\antigravity\scratch
\kido-farms-ecommerce\fronten
d\.next\server\chunks\ssr\9e8
83_next_7c4b419b._.js:2:2111)
    at o (C:\Users\COMPUTER 1
3\.gemini\antigravity\scratch
\kido-farms-ecommerce\fronten
d\.next\server\chunks\ssr\9e8
83_next_7c4b419b._.js:4:5281)
    at k (C:\Users\COMPUTER 1
3\.gemini\antigravity\scratch
\kido-farms-ecommerce\fronten
d\.next\server\chunks\ssr\fro
ntend_b60c313a._.js:1:1089)
    at an (C:\Users\COMPUTER 
13\.gemini\antigravity\scratc
h\kido-farms-ecommerce\fronte
nd\node_modules\next\dist\com
piled\next-server\app-page-tu
rbo.runtime.prod.js:2:84360)
    at ai (C:\Users\COMPUTER 
13\.gemini\antigravity\scratc
h\kido-farms-ecommerce\fronte
nd\node_modules\next\dist\com
piled\next-server\app-page-tu
rbo.runtime.prod.js:2:86179)
    at al (C:\Users\COMPUTER 
13\.gemini\antigravity\scratc
h\kido-farms-ecommerce\fronte
nd\node_modules\next\dist\com
piled\next-server\app-page-tu
rbo.runtime.prod.js:2:107953)
    at as (C:\Users\COMPUTER 
13\.gemini\antigravity\scratc
h\kido-farms-ecommerce\fronte
nd\node_modules\next\dist\com
piled\next-server\app-page-tu
rbo.runtime.prod.js:2:105368)
    at aa (C:\Users\COMPUTER 
13\.gemini\antigravity\scratc
h\kido-farms-ecommerce\fronte
nd\node_modules\next\dist\com
piled\next-server\app-page-tu
rbo.runtime.prod.js:2:84712)
    at ai (C:\Users\COMPUTER 
13\.gemini\antigravity\scratc
h\kido-farms-ecommerce\fronte
nd\node_modules\next\dist\com
piled\next-server\app-page-tu
rbo.runtime.prod.js:2:86228)
    at ai (C:\Users\COMPUTER 
13\.gemini\antigravity\scratc
h\kido-farms-ecommerce\fronte
nd\node_modules\next\dist\com
piled\next-server\app-page-tu
rbo.runtime.prod.js:2:104708)
Error occurred prerendering 
page "/verify-account". Read 
more: https://nextjs.org/docs
/messages/prerender-error
Export encountered an error 
on /verify-account/page: 
/verify-account, exiting the 
build.
Γ¿» Next.js build worker 
exited with code: 1 and 
signal: null
